error: unused extern crate
  --> $DIR/unnecessary-extern-crate.rs:6:1
   |
LL | extern crate core;
   | ^^^^^^^^^^^^^^^^^^ unused
   |
note: the lint level is defined here
  --> $DIR/unnecessary-extern-crate.rs:3:9
   |
LL | #![deny(unused_extern_crates)]
   |         ^^^^^^^^^^^^^^^^^^^^
help: remove the unused `extern crate`
   |
LL - extern crate core;
   |

error: unused extern crate
  --> $DIR/unnecessary-extern-crate.rs:9:1
   |
LL | extern crate core as x;
   | ^^^^^^^^^^^^^^^^^^^^^^^ unused
   |
help: remove the unused `extern crate`
   |
LL - extern crate core as x;
   |

error: unused extern crate
  --> $DIR/unnecessary-extern-crate.rs:13:1
   |
LL | extern crate proc_macro;
   | ^^^^^^^^^^^^^^^^^^^^^^^^ unused
   |
help: remove the unused `extern crate`
   |
LL - extern crate proc_macro;
   |

error: unused extern crate
  --> $DIR/unnecessary-extern-crate.rs:22:1
   |
LL | pub(crate) extern crate alloc as a;
   | ^^^^^^^^^^^^^^^^^^^^^^^^^^^^^^^^^^^ unused
   |
help: remove the unused `extern crate`
   |
LL - pub(crate) extern crate alloc as a;
   |

error: unused extern crate
  --> $DIR/unnecessary-extern-crate.rs:24:1
   |
LL | pub(crate) extern crate alloc as b;
   | ^^^^^^^^^^^^^^^^^^^^^^^^^^^^^^^^^^^ unused
   |
help: remove the unused `extern crate`
   |
LL - pub(crate) extern crate alloc as b;
   |

error: unused extern crate
  --> $DIR/unnecessary-extern-crate.rs:31:5
   |
LL |     extern crate core;
   |     ^^^^^^^^^^^^^^^^^^ unused
   |
help: remove the unused `extern crate`
   |
LL -     extern crate core;
   |

error: unused extern crate
  --> $DIR/unnecessary-extern-crate.rs:35:5
   |
LL |     extern crate core as x;
   |     ^^^^^^^^^^^^^^^^^^^^^^^ unused
   |
help: remove the unused `extern crate`
   |
LL -     extern crate core as x;
   |

error: unused extern crate
  --> $DIR/unnecessary-extern-crate.rs:44:9
   |
LL |         extern crate core;
   |         ^^^^^^^^^^^^^^^^^^ unused
   |
help: remove the unused `extern crate`
   |
LL -         extern crate core;
   |

error: unused extern crate
  --> $DIR/unnecessary-extern-crate.rs:48:9
   |
LL |         extern crate core as x;
   |         ^^^^^^^^^^^^^^^^^^^^^^^ unused
   |
help: remove the unused `extern crate`
   |
LL -         extern crate core as x;
   |

error: aborting due to 9 previous errors

