error: cannot determine resolution for the import
  --> $DIR/cycle-import-in-std-1.rs:5:11
   |
LL | use ops::{self as std};
   |           ^^^^^^^^^^^

error[E0432]: unresolved import `ops`
  --> $DIR/cycle-import-in-std-1.rs:5:11
   |
LL | use ops::{self as std};
   |           ^^^^^^^^^^^ no external crate `ops`
   |
   = help: consider importing this module instead:
           std::ops

error: aborting due to 2 previous errors

For more information about this error, try `rustc --explain E0432`.
