warning: macro `vec` is private
  --> $DIR/issue-119369.rs:13:23
   |
LL |     let _: Vec<i32> = vec![];
   |                       ^^^
   |
   = warning: this was previously accepted by the compiler but is being phased out; it will become a hard error in a future release!
   = note: for more information, see issue #120192 <https://github.com/rust-lang/rust/issues/120192>
   = note: `#[warn(private_macro_use)]` on by default

warning: 1 warning emitted

