error: unused extern crate
  --> $DIR/lint-unused-extern-crate.rs:11:1
   |
LL | extern crate lint_unused_extern_crate5;
   | ^^^^^^^^^^^^^^^^^^^^^^^^^^^^^^^^^^^^^^^ unused
   |
note: the lint level is defined here
  --> $DIR/lint-unused-extern-crate.rs:7:9
   |
LL | #![deny(unused_extern_crates)]
   |         ^^^^^^^^^^^^^^^^^^^^
help: remove the unused `extern crate`
   |
LL - extern crate lint_unused_extern_crate5;
LL +
   |

error: unused extern crate
  --> $DIR/lint-unused-extern-crate.rs:15:1
   |
LL | extern crate lint_unused_extern_crate3; // no error, it is used
   | ^^^^^^^^^^^^^^^^^^^^^^^^^^^^^^^^^^^^^^^ unused
   |
help: remove the unused `extern crate`
   |
LL - extern crate lint_unused_extern_crate3; // no error, it is used
LL +  // no error, it is used
   |

error: unused extern crate
  --> $DIR/lint-unused-extern-crate.rs:29:5
   |
LL |     extern crate lint_unused_extern_crate2;
   |     ^^^^^^^^^^^^^^^^^^^^^^^^^^^^^^^^^^^^^^^ unused
   |
help: remove the unused `extern crate`
   |
LL -     extern crate lint_unused_extern_crate2;
LL +
   |

error: aborting due to 3 previous errors

