error: `extern crate` is not idiomatic in the new edition
  --> $DIR/extern-crate-idiomatic-in-2018.rs:12:1
   |
LL | extern crate edition_lint_paths;
   | ^^^^^^^^^^^^^^^^^^^^^^^^^^^^^^^^
   |
note: the lint level is defined here
  --> $DIR/extern-crate-idiomatic-in-2018.rs:9:9
   |
LL | #![deny(rust_2018_idioms)]
   |         ^^^^^^^^^^^^^^^^
   = note: `#[deny(unused_extern_crates)]` implied by `#[deny(rust_2018_idioms)]`
help: convert it to a `use`
   |
LL - extern crate edition_lint_paths;
LL + use edition_lint_paths;
   |

error: aborting due to 1 previous error

