warning: unused extern crate
  --> $DIR/remove-extern-crate.rs:10:1
   |
LL | extern crate core;
   | ^^^^^^^^^^^^^^^^^^ help: remove it
   |
note: the lint level is defined here
  --> $DIR/remove-extern-crate.rs:6:9
   |
LL | #![warn(rust_2018_idioms)]
   |         ^^^^^^^^^^^^^^^^
   = note: `#[warn(unused_extern_crates)]` implied by `#[warn(rust_2018_idioms)]`

warning: 1 warning emitted

