error: linker flavor `msvc` is incompatible with the current target
   |
   = note: compatible flavors are: gnu, gnu-lld, gnu-cc, gnu-lld-cc, gnu-clang, gnu-lld-clang, gcc, ld, ld.lld

error: aborting due to 1 previous error

