warning: variable `z` is assigned to, but never used
  --> $DIR/is-rpass-short.rs:35:28
   |
35 |     let b = my_opt is Some(z);
   |                            ^
   |
note: lint level defined here
  --> $DIR/is-rpass-short.rs:16:9
   |
16 | #![warn(unused)]
   |         ^^^^^^
   = note: #[warn(unused_variables)] implied by #[warn(unused)]
   = note: consider using `_z` instead

warning: value assigned to `z` is never read
  --> $DIR/is-rpass-short.rs:35:13
   |
35 |     let b = my_opt is Some(z);
   |             ^^^^^^^^^^^^^^^^^
   |
note: lint level defined here
  --> $DIR/is-rpass-short.rs:16:9
   |
16 | #![warn(unused)]
   |         ^^^^^^
   = note: #[warn(unused_assignments)] implied by #[warn(unused)]

warning: variable does not need to be mutable
  --> $DIR/is-rpass-short.rs:27:9
   |
27 |     let mut count = 0;
   |         ----^^^^^
   |         |
   |         help: remove this `mut`
   |
note: lint level defined here
  --> $DIR/is-rpass-short.rs:16:9
   |
16 | #![warn(unused)]
   |         ^^^^^^
   = note: #[warn(unused_mut)] implied by #[warn(unused)]

