error: dstats. stmts: OneWithoutTail, args_match: Same, ret_match: Different, self_arg: Value, same_name: false, has_expr_after: true.
  --> $DIR/has_expr_after.rs:14:9
   |
LL | /     fn foo(&self) {
LL | |         self.0.foo().clone() as i32;
   | |         ^^^^^^^^^^^^^^^^^^^^ callee
LL | |
LL | |
LL | |     }
   | |_____- caller
   |
note: the lint level is defined here
  --> $DIR/has_expr_after.rs:1:9
   |
LL | #![deny(delegations_detailed, delegations_per_parent_stats)]
   |         ^^^^^^^^^^^^^^^^^^^^

error: dstats. stmts: OneWithoutTail, args_match: Same, ret_match: Different, self_arg: Value, same_name: true, has_expr_after: true.
  --> $DIR/has_expr_after.rs:14:9
   |
LL | /     fn foo(&self) {
LL | |         self.0.foo().clone() as i32;
   | |         ^^^^^^^^^^^^ callee
LL | |
LL | |
LL | |     }
   | |_____- caller

error: dstats. stmts: ZeroWithTail, args_match: Different, ret_match: Same, self_arg: Type, same_name: false, has_expr_after: false.
  --> $DIR/has_expr_after.rs:20:9
   |
LL | /     fn bar(&self) -> Self {
LL | |         Self(self.0.bar())
   | |         ^^^^^^^^^^^^^^^^^^ callee
LL | |
LL | |
LL | |     }
   | |_____- caller

error: dstats. stmts: ZeroWithTail, args_match: Same, ret_match: SameUpToSelfType, self_arg: Value, same_name: true, has_expr_after: true.
  --> $DIR/has_expr_after.rs:20:14
   |
LL | /     fn bar(&self) -> Self {
LL | |         Self(self.0.bar())
   | |              ^^^^^^^^^^^^ callee
LL | |
LL | |
LL | |     }
   | |_____- caller

error: delegation methods stats. methods_count: 2, 1.
   |
note: the lint level is defined here
  --> $DIR/has_expr_after.rs:1:31
   |
LL | #![deny(delegations_detailed, delegations_per_parent_stats)]
   |                               ^^^^^^^^^^^^^^^^^^^^^^^^^^^^

error: aborting due to 5 previous errors

