error: dstats. stmts: OneWithoutTail, args_match: Same, ret_match: Same, self_arg: Value, same_name: true, has_expr_after: false.
  --> $DIR/methods_stats.rs:17:22
   |
LL |     fn foo1(&self) { self.field.foo1();}
   |     -----------------^^^^^^^^^^^^^^^^^--
   |     |                |
   |     |                callee
   |     caller
   |
note: the lint level is defined here
  --> $DIR/methods_stats.rs:1:39
   |
LL | #![deny(delegations_per_parent_stats, delegation_pattern)]
   |                                       ^^^^^^^^^^^^^^^^^^

error: dstats. stmts: OneWithoutTail, args_match: Same, ret_match: Same, self_arg: Value, same_name: true, has_expr_after: false.
  --> $DIR/methods_stats.rs:25:21
   |
LL |     fn foo1(&self) {self.field.foo1();}
   |     ----------------^^^^^^^^^^^^^^^^^--
   |     |               |
   |     |               callee
   |     caller

error: dstats. stmts: OneWithoutTail, args_match: Same, ret_match: Same, self_arg: Value, same_name: true, has_expr_after: false.
  --> $DIR/methods_stats.rs:26:21
   |
LL |     fn foo2(&self) {self.field.foo2();}
   |     ----------------^^^^^^^^^^^^^^^^^--
   |     |               |
   |     |               callee
   |     caller

error: dstats. stmts: OneWithoutTail, args_match: Same, ret_match: Same, self_arg: Value, same_name: true, has_expr_after: false.
  --> $DIR/methods_stats.rs:34:21
   |
LL |     fn foo1(&self) {self.field.foo1();}
   |     ----------------^^^^^^^^^^^^^^^^^--
   |     |               |
   |     |               callee
   |     caller

error: dstats. stmts: OneWithoutTail, args_match: Same, ret_match: Same, self_arg: Value, same_name: true, has_expr_after: false.
  --> $DIR/methods_stats.rs:35:21
   |
LL |     fn foo2(&self) {self.field.foo2();}
   |     ----------------^^^^^^^^^^^^^^^^^--
   |     |               |
   |     |               callee
   |     caller

error: dstats. stmts: OneWithoutTail, args_match: Same, ret_match: Same, self_arg: Value, same_name: true, has_expr_after: false.
  --> $DIR/methods_stats.rs:36:21
   |
LL |     fn foo3(&self) {self.field.foo3();}
   |     ----------------^^^^^^^^^^^^^^^^^--
   |     |               |
   |     |               callee
   |     caller

error: dstats. stmts: OneWithoutTail, args_match: Same, ret_match: Same, self_arg: Value, same_name: true, has_expr_after: false.
  --> $DIR/methods_stats.rs:44:21
   |
LL |     fn foo1(&self) {self.field.foo1();}
   |     ----------------^^^^^^^^^^^^^^^^^--
   |     |               |
   |     |               callee
   |     caller

error: dstats. stmts: OneWithoutTail, args_match: Same, ret_match: Same, self_arg: Value, same_name: true, has_expr_after: false.
  --> $DIR/methods_stats.rs:45:21
   |
LL |     fn foo2(&self) {self.field.foo2();}
   |     ----------------^^^^^^^^^^^^^^^^^--
   |     |               |
   |     |               callee
   |     caller

error: dstats. stmts: OneWithoutTail, args_match: Same, ret_match: Same, self_arg: Value, same_name: true, has_expr_after: false.
  --> $DIR/methods_stats.rs:46:21
   |
LL |     fn foo3(&self) {self.field.foo3();}
   |     ----------------^^^^^^^^^^^^^^^^^--
   |     |               |
   |     |               callee
   |     caller

error: dstats. stmts: OneWithoutTail, args_match: Same, ret_match: Same, self_arg: Value, same_name: true, has_expr_after: false.
  --> $DIR/methods_stats.rs:47:21
   |
LL |     fn foo4(&self) {self.field.foo4();}
   |     ----------------^^^^^^^^^^^^^^^^^--
   |     |               |
   |     |               callee
   |     caller

error: delegation methods stats. methods_count: 1, 1.
   |
note: the lint level is defined here
  --> $DIR/methods_stats.rs:1:9
   |
LL | #![deny(delegations_per_parent_stats, delegation_pattern)]
   |         ^^^^^^^^^^^^^^^^^^^^^^^^^^^^

error: delegation methods stats. methods_count: 2, 1.

error: delegation methods stats. methods_count: 3, 1.

error: delegation methods stats. methods_count: 4, 1.

error: aborting due to 14 previous errors

